c:\users\ys010\onedrive\문서\github\3d_framework\engine\default\x64\debug\vc143.pdb
c:\users\ys010\onedrive\문서\github\3d_framework\engine\default\x64\debug\vc143.idb
e:\프로젝트\3d_framework\engine\default\x64\debug\vc143.pdb
e:\프로젝트\3d_framework\engine\default\x64\debug\vc143.idb
e:\프로젝트\3d_framework\engine\default\x64\debug\timer_manager.obj
e:\프로젝트\3d_framework\engine\default\x64\debug\timer.obj
e:\프로젝트\3d_framework\engine\default\x64\debug\level_manager.obj
e:\프로젝트\3d_framework\engine\default\x64\debug\level.obj
e:\프로젝트\3d_framework\engine\default\x64\debug\graphic_device.obj
e:\프로젝트\3d_framework\engine\default\x64\debug\gameinstance.obj
e:\프로젝트\3d_framework\engine\default\x64\debug\base.obj
e:\프로젝트\3d_framework\engine\bin\engine.dll
e:\프로젝트\3d_framework\engine\bin\engine.pdb
e:\프로젝트\3d_framework\engine\bin\engine.lib
e:\프로젝트\3d_framework\engine\bin\engine.exp
e:\프로젝트\3d_framework\engine\default\x64\debug\engine.ilk
e:\프로젝트\3d_framework\engine\default\x64\debug\engine.tlog\cl.command.1.tlog
e:\프로젝트\3d_framework\engine\default\x64\debug\engine.tlog\cl.items.tlog
e:\프로젝트\3d_framework\engine\default\x64\debug\engine.tlog\cl.read.1.tlog
e:\프로젝트\3d_framework\engine\default\x64\debug\engine.tlog\cl.write.1.tlog
e:\프로젝트\3d_framework\engine\default\x64\debug\engine.tlog\link.command.1.tlog
e:\프로젝트\3d_framework\engine\default\x64\debug\engine.tlog\link.read.1.tlog
e:\프로젝트\3d_framework\engine\default\x64\debug\engine.tlog\link.secondary.1.tlog
e:\프로젝트\3d_framework\engine\default\x64\debug\engine.tlog\link.write.1.tlog
