e:\github\3d_framework\tool\default\x64\debug\vc143.pdb
e:\github\3d_framework\tool\default\x64\debug\vc143.idb
e:\github\3d_framework\tool\default\x64\debug\tool.obj
e:\github\3d_framework\tool\default\x64\debug\util.obj
e:\github\3d_framework\tool\default\x64\debug\tool_manager.obj
e:\github\3d_framework\tool\default\x64\debug\tool_level.obj
e:\github\3d_framework\tool\default\x64\debug\tool_freecam.obj
e:\github\3d_framework\tool\default\x64\debug\terrain.obj
e:\github\3d_framework\tool\default\x64\debug\navi_cell.obj
e:\github\3d_framework\tool\default\x64\debug\map_object.obj
e:\github\3d_framework\tool\default\x64\debug\mainapp.obj
e:\github\3d_framework\tool\default\x64\debug\loader.obj
e:\github\3d_framework\tool\default\x64\debug\level_loading.obj
e:\github\3d_framework\tool\default\x64\debug\imgui_ui.obj
e:\github\3d_framework\tool\default\x64\debug\imgui_base.obj
e:\github\3d_framework\tool\default\x64\debug\datamgr.obj
e:\github\3d_framework\tool\default\x64\debug\cell_guide.obj
e:\github\3d_framework\tool\default\x64\debug\imgui_map.obj
e:\github\3d_framework\tool\bin\tool.exe
e:\github\3d_framework\tool\bin\tool.pdb
e:\github\3d_framework\tool\default\x64\debug\tool.res
e:\github\3d_framework\tool\default\x64\debug\tool.ilk
e:\github\3d_framework\tool\default\x64\debug\imgui_base.obj.enc
e:\github\3d_framework\tool\default\x64\debug\imgui_map.obj.enc
e:\github\3d_framework\tool\default\x64\debug\tool_manager.obj.enc
e:\github\3d_framework\tool\default\x64\debug\tool.tlog\cl.command.1.tlog
e:\github\3d_framework\tool\default\x64\debug\tool.tlog\cl.items.tlog
e:\github\3d_framework\tool\default\x64\debug\tool.tlog\cl.read.1.tlog
e:\github\3d_framework\tool\default\x64\debug\tool.tlog\cl.write.1.tlog
e:\github\3d_framework\tool\default\x64\debug\tool.tlog\link.command.1.tlog
e:\github\3d_framework\tool\default\x64\debug\tool.tlog\link.read.1.tlog
e:\github\3d_framework\tool\default\x64\debug\tool.tlog\link.secondary.1.tlog
e:\github\3d_framework\tool\default\x64\debug\tool.tlog\link.write.1.tlog
e:\github\3d_framework\tool\default\x64\debug\tool.tlog\rc.command.1.tlog
e:\github\3d_framework\tool\default\x64\debug\tool.tlog\rc.read.1.tlog
e:\github\3d_framework\tool\default\x64\debug\tool.tlog\rc.write.1.tlog
